=== 2026-08-16T06:26:50Z release 目录初始化 ===
=== 下载 run 31923963248 pmos-packages ===
OK 31923963248: 4 apk files
=== 下载 run 31926213787 pmos-packages ===
OK 31926213787: 4 apk files
=== 下载 run 31928333227 pmos-packages ===
OK 31928333227: 2 apk files
=== 下载 run 31928481444 pmos-packages ===
OK 31928481444: 2 apk files
=== 下载 run 31929173090 pmos-packages ===
OK 31929173090: 2 apk files
=== 归档清单 ===
/home/SQL916/pmos/oneplus-8-mainline/release/archive-packages/31923963248/edge/aarch64/alsa-oneplus-instantnoodle-0.1-r0.apk
/home/SQL916/pmos/oneplus-8-mainline/release/archive-packages/31923963248/edge/aarch64/device-oneplus-instantnoodle-1-r0.apk
/home/SQL916/pmos/oneplus-8-mainline/release/archive-packages/31923963248/edge/aarch64/firmware-oneplus-instantnoodle-0.1-r0.apk
/home/SQL916/pmos/oneplus-8-mainline/release/archive-packages/31923963248/edge/aarch64/linux-oneplus-instantnoodle-6.16.7-r0.apk
/home/SQL916/pmos/oneplus-8-mainline/release/archive-packages/31926213787/edge/aarch64/alsa-oneplus-instantnoodle-0.1-r0.apk
/home/SQL916/pmos/oneplus-8-mainline/release/archive-packages/31926213787/edge/aarch64/device-oneplus-instantnoodle-1-r0.apk
/home/SQL916/pmos/oneplus-8-mainline/release/archive-packages/31926213787/edge/aarch64/firmware-oneplus-instantnoodle-0.1-r1.apk
/home/SQL916/pmos/oneplus-8-mainline/release/archive-packages/31926213787/edge/aarch64/linux-oneplus-instantnoodle-6.16.7-r0.apk
/home/SQL916/pmos/oneplus-8-mainline/release/archive-packages/31928333227/edge/aarch64/alsa-oneplus-instantnoodle-0.1-r0.apk
/home/SQL916/pmos/oneplus-8-mainline/release/archive-packages/31928333227/edge/aarch64/firmware-oneplus-instantnoodle-0.1-r1.apk
/home/SQL916/pmos/oneplus-8-mainline/release/archive-packages/31928481444/edge/aarch64/alsa-oneplus-instantnoodle-0.1-r0.apk
/home/SQL916/pmos/oneplus-8-mainline/release/archive-packages/31928481444/edge/aarch64/firmware-oneplus-instantnoodle-0.1-r1.apk
/home/SQL916/pmos/oneplus-8-mainline/release/archive-packages/31929173090/edge/aarch64/alsa-oneplus-instantnoodle-0.1-r0.apk
/home/SQL916/pmos/oneplus-8-mainline/release/archive-packages/31929173090/edge/aarch64/firmware-oneplus-instantnoodle-0.1-r1.apk
=== C 归档 ===
/home/SQL916/pmos/oneplus-8-mainline/release/archive-packages/31928200442/edge/aarch64/alsa-oneplus-instantnoodle-0.1-r0.apk
/home/SQL916/pmos/oneplus-8-mainline/release/archive-packages/31928200442/edge/aarch64/device-oneplus-instantnoodle-1-r0.apk
/home/SQL916/pmos/oneplus-8-mainline/release/archive-packages/31928200442/edge/aarch64/firmware-oneplus-instantnoodle-0.1-r1.apk
/home/SQL916/pmos/oneplus-8-mainline/release/archive-packages/31928200442/edge/aarch64/linux-oneplus-instantnoodle-6.16.7-r0.apk
=== 总 apk 数 ===
18
=== 生成完成 ===
actionlint OK
=== 提交推送完成 2026-08-16T06:29:13Z ===
31931016112 已取消 2026-08-16T06:29:41Z
=== 推送完成 2026-08-16T06:30:05Z ===
2026-08-16T06:39:21Z
31931533225: completed failure
  Set up job success
  Checkout success
  Install host dependencies success
  Clone pmbootstrap success
  Prepare pmaports with device overlay success
  Pre-seed pmbootstrap config success
  Init pmbootstrap (non-interactive) success
  Install fixed signing keys success
  Set UI success
  Restore build cache success
  Build image failure
  Dump pmbootstrap log on failure success
  Upload built packages success
  Make cache paths readable skipped
  Save build cache success
  Verify build cache saved success
  Export artifacts skipped
  Upload artifacts skipped
  Upload build logs success
  Post Checkout success
  Complete job success
OK
[{"createdAt":"2026-08-16T06:40:17Z","databaseId":31931971671,"status":"in_progress"}]
2026-08-16T06:48:32Z
31931971671: completed failure
  Set up job success
  Checkout success
  Install host dependencies success
  Clone pmbootstrap success
  Prepare pmaports with device overlay success
  Pre-seed pmbootstrap config success
  Init pmbootstrap (non-interactive) success
  Install fixed signing keys success
  Set UI success
  Restore build cache success
  Build image failure
  Dump pmbootstrap log on failure success
  Upload built packages success
  Make cache paths readable skipped
  Save build cache success
  Verify build cache saved success
  Export artifacts skipped
  Upload artifacts skipped
  Upload build logs success
  Post Checkout success
  Complete job success
[{"createdAt":"2026-08-16T06:49:13Z","databaseId":31932333609,"status":"in_progress"}]
2026-08-16T06:58:29Z
31932333609: completed failure
  Set up job success
  Checkout success
  Install host dependencies success
  Clone pmbootstrap success
  Prepare pmaports with device overlay success
  Pre-seed pmbootstrap config success
  Init pmbootstrap (non-interactive) success
  Set UI success
  Restore build cache success
  Install fixed signing keys success
  Build image failure
  Dump pmbootstrap log on failure success
  Upload built packages success
  Make cache paths readable skipped
  Save build cache success
  Verify build cache saved success
  Export artifacts skipped
  Upload artifacts skipped
  Upload build logs success
  Post Checkout success
  Complete job success
[{"createdAt":"2026-08-16T06:59:10Z","databaseId":31932740260,"status":"in_progress"}]
2026-08-16T07:10:41Z
31932740260: in_progress 
  Set up job success
  Checkout success
  Install host dependencies success
  Clone pmbootstrap success
  Prepare pmaports with device overlay success
  Pre-seed pmbootstrap config success
  Init pmbootstrap (non-interactive) success
  Set UI success
  Restore build cache success
  Install fixed signing keys success
  Build image 
  Dump pmbootstrap log on failure 
  Upload built packages 
  Make cache paths readable 
  Save build cache 
  Verify build cache saved 
  Export artifacts 
  Upload artifacts 
  Upload build logs 
  Post Checkout 
3
6681713648 pmos-cache-562ea5f1557a69379ad735793fa1669b5a82372b 0MB 2026-08-16T06:51:45.063859000Z
6681606855 pmos-cache-8548f228ca7b4888849bb7cbf717a614573105cf 0MB 2026-08-16T06:42:38.779298000Z
6681488446 pmos-cache-374b45421a980c006b91828f895d73bbbf11fd78 0MB 2026-08-16T06:31:51.295730000Z
deleted cache 6681713648
deleted cache 6681606855
deleted cache 6681488446
https://github.com/SQL0106/oneplus-8-mainline/actions/runs/31935719211
1
6682556641 pmos-cache-fc038e3ca2902ef6b1f95746ebd8941b204d1110 640MB 2026-08-16T08:07:24.931897000Z
Set up job: completed 2026-08-16T08:09:10Z
Checkout: completed 2026-08-16T08:09:11Z
Install host dependencies: completed 2026-08-16T08:09:11Z
Clone pmbootstrap: completed 2026-08-16T08:09:22Z
Prepare pmaports with device overlay: completed 2026-08-16T08:09:23Z
Pre-seed pmbootstrap config: completed 2026-08-16T08:09:27Z
Init pmbootstrap (non-interactive): completed 2026-08-16T08:09:27Z
Set UI: completed 2026-08-16T08:09:28Z
Restore build cache: completed 2026-08-16T08:09:28Z
Install fixed signing keys: completed 2026-08-16T08:09:32Z
Build image: in_progress 2026-08-16T08:09:32Z
Dump pmbootstrap log on failure: pending null
Upload built packages: pending null
Make cache paths readable: pending null
Save build cache: pending null
Verify build cache saved: pending null
Export artifacts: pending null
Upload artifacts: pending null
Upload build logs: pending null
Post Checkout: pending null
build-logs https://api.github.com/repos/SQL0106/oneplus-8-mainline/actions/artifacts/9260549081/zip
pmos-packages https://api.github.com/repos/SQL0106/oneplus-8-mainline/actions/artifacts/9260547577/zip
https://github.com/SQL0106/oneplus-8-mainline/actions/runs/31935884742
build-logs 37447 bytes
postmarketos-oneplus-instantnoodle 699685316 bytes
pmos-packages 58213311 bytes
